Copyright 1986-2018 Xilinx, Inc. All Rights Reserved.
-----------------------------------------------------------------------------------------------------------------------------------------------------------------------------------------------------
| Tool Version : Vivado v.2018.2 (win64) Build 2258646 Thu Jun 14 20:03:12 MDT 2018
| Date         : Thu Jun 18 20:59:04 2026
| Host         : 231228-P06S01 running 64-bit major release  (build 9200)
| Command      : report_timing_summary -max_paths 10 -file top_alarme_timing_summary_routed.rpt -pb top_alarme_timing_summary_routed.pb -rpx top_alarme_timing_summary_routed.rpx -warn_on_violation
| Design       : top_alarme
| Device       : 7a35t-cpg236
| Speed File   : -1  PRODUCTION 1.22 2018-03-21
-----------------------------------------------------------------------------------------------------------------------------------------------------------------------------------------------------

Timing Summary Report

------------------------------------------------------------------------------------------------
| Timer Settings
| --------------
------------------------------------------------------------------------------------------------

  Enable Multi Corner Analysis               :  Yes
  Enable Pessimism Removal                   :  Yes
  Pessimism Removal Resolution               :  Nearest Common Node
  Enable Input Delay Default Clock           :  No
  Enable Preset / Clear Arcs                 :  No
  Disable Flight Delays                      :  No
  Ignore I/O Paths                           :  No
  Timing Early Launch at Borrowing Latches   :  false

  Corner  Analyze    Analyze    
  Name    Max Paths  Min Paths  
  ------  ---------  ---------  
  Slow    Yes        Yes        
  Fast    Yes        Yes        



check_timing report

Table of Contents
-----------------
1. checking no_clock
2. checking constant_clock
3. checking pulse_width_clock
4. checking unconstrained_internal_endpoints
5. checking no_input_delay
6. checking no_output_delay
7. checking multiple_clock
8. checking generated_clocks
9. checking loops
10. checking partial_input_delay
11. checking partial_output_delay
12. checking latch_loops

1. checking no_clock
--------------------
 There are 0 register/latch pins with no clock.


2. checking constant_clock
--------------------------
 There are 0 register/latch pins with constant_clock.


3. checking pulse_width_clock
-----------------------------
 There are 0 register/latch pins which need pulse_width check


4. checking unconstrained_internal_endpoints
--------------------------------------------
 There are 0 pins that are not constrained for maximum delay.

 There are 0 pins that are not constrained for maximum delay due to constant clock.


5. checking no_input_delay
--------------------------
 There are 19 input ports with no input delay specified. (HIGH)

 There are 0 input ports with no input delay but user has a false path constraint.


6. checking no_output_delay
---------------------------
 There are 35 ports with no output delay specified. (HIGH)

 There are 0 ports with no output delay but user has a false path constraint

 There are 0 ports with no output delay but with a timing clock defined on it or propagating through it


7. checking multiple_clock
--------------------------
 There are 0 register/latch pins with multiple clocks.


8. checking generated_clocks
----------------------------
 There are 0 generated clocks that are not connected to a clock source.


9. checking loops
-----------------
 There are 0 combinational loops in the design.


10. checking partial_input_delay
--------------------------------
 There are 0 input ports with partial input delay specified.


11. checking partial_output_delay
---------------------------------
 There are 0 ports with partial output delay specified.


12. checking latch_loops
------------------------
 There are 0 combinational latch loops in the design through latch input



------------------------------------------------------------------------------------------------
| Design Timing Summary
| ---------------------
------------------------------------------------------------------------------------------------

    WNS(ns)      TNS(ns)  TNS Failing Endpoints  TNS Total Endpoints      WHS(ns)      THS(ns)  THS Failing Endpoints  THS Total Endpoints     WPWS(ns)     TPWS(ns)  TPWS Failing Endpoints  TPWS Total Endpoints  
    -------      -------  ---------------------  -------------------      -------      -------  ---------------------  -------------------     --------     --------  ----------------------  --------------------  
      5.537        0.000                      0                  544        0.162        0.000                      0                  544        4.500        0.000                       0                   381  


All user specified timing constraints are met.


------------------------------------------------------------------------------------------------
| Clock Summary
| -------------
------------------------------------------------------------------------------------------------

Clock    Waveform(ns)       Period(ns)      Frequency(MHz)
-----    ------------       ----------      --------------
sys_clk  {0.000 5.000}      10.000          100.000         


------------------------------------------------------------------------------------------------
| Intra Clock Table
| -----------------
------------------------------------------------------------------------------------------------

Clock             WNS(ns)      TNS(ns)  TNS Failing Endpoints  TNS Total Endpoints      WHS(ns)      THS(ns)  THS Failing Endpoints  THS Total Endpoints     WPWS(ns)     TPWS(ns)  TPWS Failing Endpoints  TPWS Total Endpoints  
-----             -------      -------  ---------------------  -------------------      -------      -------  ---------------------  -------------------     --------     --------  ----------------------  --------------------  
sys_clk             5.537        0.000                      0                  544        0.162        0.000                      0                  544        4.500        0.000                       0                   381  


------------------------------------------------------------------------------------------------
| Inter Clock Table
| -----------------
------------------------------------------------------------------------------------------------

From Clock    To Clock          WNS(ns)      TNS(ns)  TNS Failing Endpoints  TNS Total Endpoints      WHS(ns)      THS(ns)  THS Failing Endpoints  THS Total Endpoints  
----------    --------          -------      -------  ---------------------  -------------------      -------      -------  ---------------------  -------------------  


------------------------------------------------------------------------------------------------
| Other Path Groups Table
| -----------------------
------------------------------------------------------------------------------------------------

Path Group    From Clock    To Clock          WNS(ns)      TNS(ns)  TNS Failing Endpoints  TNS Total Endpoints      WHS(ns)      THS(ns)  THS Failing Endpoints  THS Total Endpoints  
----------    ----------    --------          -------      -------  ---------------------  -------------------      -------      -------  ---------------------  -------------------  


------------------------------------------------------------------------------------------------
| Timing Details
| --------------
------------------------------------------------------------------------------------------------


---------------------------------------------------------------------------------------------------
From Clock:  sys_clk
  To Clock:  sys_clk

Setup :            0  Failing Endpoints,  Worst Slack        5.537ns,  Total Violation        0.000ns
Hold  :            0  Failing Endpoints,  Worst Slack        0.162ns,  Total Violation        0.000ns
PW    :            0  Failing Endpoints,  Worst Slack        4.500ns,  Total Violation        0.000ns
---------------------------------------------------------------------------------------------------


Max Delay Paths
--------------------------------------------------------------------------------------
Slack (MET) :             5.537ns  (required time - arrival time)
  Source:                 D3/cont_reg[4]/C
                            (rising edge-triggered cell FDCE clocked by sys_clk  {rise@0.000ns fall@5.000ns period=10.000ns})
  Destination:            D3/cont_reg[31]/D
                            (rising edge-triggered cell FDCE clocked by sys_clk  {rise@0.000ns fall@5.000ns period=10.000ns})
  Path Group:             sys_clk
  Path Type:              Setup (Max at Slow Process Corner)
  Requirement:            10.000ns  (sys_clk rise@10.000ns - sys_clk rise@0.000ns)
  Data Path Delay:        4.428ns  (logic 0.828ns (18.700%)  route 3.600ns (81.300%))
  Logic Levels:           3  (LUT4=1 LUT5=2)
  Clock Path Skew:        -0.031ns (DCD - SCD + CPR)
    Destination Clock Delay (DCD):    4.850ns = ( 14.850 - 10.000 ) 
    Source Clock Delay      (SCD):    5.154ns
    Clock Pessimism Removal (CPR):    0.273ns
  Clock Uncertainty:      0.035ns  ((TSJ^2 + TIJ^2)^1/2 + DJ) / 2 + PE
    Total System Jitter     (TSJ):    0.071ns
    Total Input Jitter      (TIJ):    0.000ns
    Discrete Jitter          (DJ):    0.000ns
    Phase Error              (PE):    0.000ns

    Location             Delay type                Incr(ns)  Path(ns)    Netlist Resource(s)
  -------------------------------------------------------------------    -------------------
                         (clock sys_clk rise edge)    0.000     0.000 r  
    W5                                                0.000     0.000 r  clk (IN)
                         net (fo=0)                   0.000     0.000    clk
    W5                   IBUF (Prop_ibuf_I_O)         1.458     1.458 r  clk_IBUF_inst/O
                         net (fo=1, routed)           1.967     3.425    clk_IBUF
    BUFGCTRL_X0Y0        BUFG (Prop_bufg_I_O)         0.096     3.521 r  clk_IBUF_BUFG_inst/O
                         net (fo=380, routed)         1.633     5.154    D3/clk_IBUF_BUFG
    SLICE_X7Y10          FDCE                                         r  D3/cont_reg[4]/C
  -------------------------------------------------------------------    -------------------
    SLICE_X7Y10          FDCE (Prop_fdce_C_Q)         0.456     5.610 f  D3/cont_reg[4]/Q
                         net (fo=2, routed)           0.810     6.420    D3/cont_reg_n_0_[4]
    SLICE_X7Y11          LUT4 (Prop_lut4_I1_O)        0.124     6.544 r  D3/cont[31]_i_8__1/O
                         net (fo=1, routed)           0.482     7.026    D3/cont[31]_i_8__1_n_0
    SLICE_X7Y9           LUT5 (Prop_lut5_I4_O)        0.124     7.150 r  D3/cont[31]_i_3__1/O
                         net (fo=32, routed)          2.308     9.458    D3/cont[31]_i_3__1_n_0
    SLICE_X5Y17          LUT5 (Prop_lut5_I1_O)        0.124     9.582 r  D3/cont[31]_i_1__1/O
                         net (fo=1, routed)           0.000     9.582    D3/cont[31]
    SLICE_X5Y17          FDCE                                         r  D3/cont_reg[31]/D
  -------------------------------------------------------------------    -------------------

                         (clock sys_clk rise edge)   10.000    10.000 r  
    W5                                                0.000    10.000 r  clk (IN)
                         net (fo=0)                   0.000    10.000    clk
    W5                   IBUF (Prop_ibuf_I_O)         1.388    11.388 r  clk_IBUF_inst/O
                         net (fo=1, routed)           1.862    13.250    clk_IBUF
    BUFGCTRL_X0Y0        BUFG (Prop_bufg_I_O)         0.091    13.341 r  clk_IBUF_BUFG_inst/O
                         net (fo=380, routed)         1.509    14.850    D3/clk_IBUF_BUFG
    SLICE_X5Y17          FDCE                                         r  D3/cont_reg[31]/C
                         clock pessimism              0.273    15.123    
                         clock uncertainty           -0.035    15.088    
    SLICE_X5Y17          FDCE (Setup_fdce_C_D)        0.031    15.119    D3/cont_reg[31]
  -------------------------------------------------------------------
                         required time                         15.119    
                         arrival time                          -9.582    
  -------------------------------------------------------------------
                         slack                                  5.537    

Slack (MET) :             5.538ns  (required time - arrival time)
  Source:                 D3/cont_reg[4]/C
                            (rising edge-triggered cell FDCE clocked by sys_clk  {rise@0.000ns fall@5.000ns period=10.000ns})
  Destination:            D3/cont_reg[30]/D
                            (rising edge-triggered cell FDCE clocked by sys_clk  {rise@0.000ns fall@5.000ns period=10.000ns})
  Path Group:             sys_clk
  Path Type:              Setup (Max at Slow Process Corner)
  Requirement:            10.000ns  (sys_clk rise@10.000ns - sys_clk rise@0.000ns)
  Data Path Delay:        4.427ns  (logic 0.828ns (18.704%)  route 3.599ns (81.296%))
  Logic Levels:           3  (LUT4=1 LUT5=2)
  Clock Path Skew:        -0.031ns (DCD - SCD + CPR)
    Destination Clock Delay (DCD):    4.850ns = ( 14.850 - 10.000 ) 
    Source Clock Delay      (SCD):    5.154ns
    Clock Pessimism Removal (CPR):    0.273ns
  Clock Uncertainty:      0.035ns  ((TSJ^2 + TIJ^2)^1/2 + DJ) / 2 + PE
    Total System Jitter     (TSJ):    0.071ns
    Total Input Jitter      (TIJ):    0.000ns
    Discrete Jitter          (DJ):    0.000ns
    Phase Error              (PE):    0.000ns

    Location             Delay type                Incr(ns)  Path(ns)    Netlist Resource(s)
  -------------------------------------------------------------------    -------------------
                         (clock sys_clk rise edge)    0.000     0.000 r  
    W5                                                0.000     0.000 r  clk (IN)
                         net (fo=0)                   0.000     0.000    clk
    W5                   IBUF (Prop_ibuf_I_O)         1.458     1.458 r  clk_IBUF_inst/O
                         net (fo=1, routed)           1.967     3.425    clk_IBUF
    BUFGCTRL_X0Y0        BUFG (Prop_bufg_I_O)         0.096     3.521 r  clk_IBUF_BUFG_inst/O
                         net (fo=380, routed)         1.633     5.154    D3/clk_IBUF_BUFG
    SLICE_X7Y10          FDCE                                         r  D3/cont_reg[4]/C
  -------------------------------------------------------------------    -------------------
    SLICE_X7Y10          FDCE (Prop_fdce_C_Q)         0.456     5.610 f  D3/cont_reg[4]/Q
                         net (fo=2, routed)           0.810     6.420    D3/cont_reg_n_0_[4]
    SLICE_X7Y11          LUT4 (Prop_lut4_I1_O)        0.124     6.544 r  D3/cont[31]_i_8__1/O
                         net (fo=1, routed)           0.482     7.026    D3/cont[31]_i_8__1_n_0
    SLICE_X7Y9           LUT5 (Prop_lut5_I4_O)        0.124     7.150 r  D3/cont[31]_i_3__1/O
                         net (fo=32, routed)          2.307     9.457    D3/cont[31]_i_3__1_n_0
    SLICE_X5Y17          LUT5 (Prop_lut5_I1_O)        0.124     9.581 r  D3/cont[30]_i_1__1/O
                         net (fo=1, routed)           0.000     9.581    D3/cont[30]
    SLICE_X5Y17          FDCE                                         r  D3/cont_reg[30]/D
  -------------------------------------------------------------------    -------------------

                         (clock sys_clk rise edge)   10.000    10.000 r  
    W5                                                0.000    10.000 r  clk (IN)
                         net (fo=0)                   0.000    10.000    clk
    W5                   IBUF (Prop_ibuf_I_O)         1.388    11.388 r  clk_IBUF_inst/O
                         net (fo=1, routed)           1.862    13.250    clk_IBUF
    BUFGCTRL_X0Y0        BUFG (Prop_bufg_I_O)         0.091    13.341 r  clk_IBUF_BUFG_inst/O
                         net (fo=380, routed)         1.509    14.850    D3/clk_IBUF_BUFG
    SLICE_X5Y17          FDCE                                         r  D3/cont_reg[30]/C
                         clock pessimism              0.273    15.123    
                         clock uncertainty           -0.035    15.088    
    SLICE_X5Y17          FDCE (Setup_fdce_C_D)        0.031    15.119    D3/cont_reg[30]
  -------------------------------------------------------------------
                         required time                         15.119    
                         arrival time                          -9.581    
  -------------------------------------------------------------------
                         slack                                  5.538    

Slack (MET) :             5.554ns  (required time - arrival time)
  Source:                 D3/cont_reg[4]/C
                            (rising edge-triggered cell FDCE clocked by sys_clk  {rise@0.000ns fall@5.000ns period=10.000ns})
  Destination:            D3/tick_reg/D
                            (rising edge-triggered cell FDCE clocked by sys_clk  {rise@0.000ns fall@5.000ns period=10.000ns})
  Path Group:             sys_clk
  Path Type:              Setup (Max at Slow Process Corner)
  Requirement:            10.000ns  (sys_clk rise@10.000ns - sys_clk rise@0.000ns)
  Data Path Delay:        4.455ns  (logic 0.856ns (19.215%)  route 3.599ns (80.785%))
  Logic Levels:           3  (LUT4=2 LUT5=1)
  Clock Path Skew:        -0.031ns (DCD - SCD + CPR)
    Destination Clock Delay (DCD):    4.850ns = ( 14.850 - 10.000 ) 
    Source Clock Delay      (SCD):    5.154ns
    Clock Pessimism Removal (CPR):    0.273ns
  Clock Uncertainty:      0.035ns  ((TSJ^2 + TIJ^2)^1/2 + DJ) / 2 + PE
    Total System Jitter     (TSJ):    0.071ns
    Total Input Jitter      (TIJ):    0.000ns
    Discrete Jitter          (DJ):    0.000ns
    Phase Error              (PE):    0.000ns

    Location             Delay type                Incr(ns)  Path(ns)    Netlist Resource(s)
  -------------------------------------------------------------------    -------------------
                         (clock sys_clk rise edge)    0.000     0.000 r  
    W5                                                0.000     0.000 r  clk (IN)
                         net (fo=0)                   0.000     0.000    clk
    W5                   IBUF (Prop_ibuf_I_O)         1.458     1.458 r  clk_IBUF_inst/O
                         net (fo=1, routed)           1.967     3.425    clk_IBUF
    BUFGCTRL_X0Y0        BUFG (Prop_bufg_I_O)         0.096     3.521 r  clk_IBUF_BUFG_inst/O
                         net (fo=380, routed)         1.633     5.154    D3/clk_IBUF_BUFG
    SLICE_X7Y10          FDCE                                         r  D3/cont_reg[4]/C
  -------------------------------------------------------------------    -------------------
    SLICE_X7Y10          FDCE (Prop_fdce_C_Q)         0.456     5.610 r  D3/cont_reg[4]/Q
                         net (fo=2, routed)           0.810     6.420    D3/cont_reg_n_0_[4]
    SLICE_X7Y11          LUT4 (Prop_lut4_I1_O)        0.124     6.544 f  D3/cont[31]_i_8__1/O
                         net (fo=1, routed)           0.482     7.026    D3/cont[31]_i_8__1_n_0
    SLICE_X7Y9           LUT5 (Prop_lut5_I4_O)        0.124     7.150 f  D3/cont[31]_i_3__1/O
                         net (fo=32, routed)          2.307     9.457    D3/cont[31]_i_3__1_n_0
    SLICE_X5Y17          LUT4 (Prop_lut4_I1_O)        0.152     9.609 r  D3/tick_i_1__1/O
                         net (fo=1, routed)           0.000     9.609    D3/tick
    SLICE_X5Y17          FDCE                                         r  D3/tick_reg/D
  -------------------------------------------------------------------    -------------------

                         (clock sys_clk rise edge)   10.000    10.000 r  
    W5                                                0.000    10.000 r  clk (IN)
                         net (fo=0)                   0.000    10.000    clk
    W5                   IBUF (Prop_ibuf_I_O)         1.388    11.388 r  clk_IBUF_inst/O
                         net (fo=1, routed)           1.862    13.250    clk_IBUF
    BUFGCTRL_X0Y0        BUFG (Prop_bufg_I_O)         0.091    13.341 r  clk_IBUF_BUFG_inst/O
                         net (fo=380, routed)         1.509    14.850    D3/clk_IBUF_BUFG
    SLICE_X5Y17          FDCE                                         r  D3/tick_reg/C
                         clock pessimism              0.273    15.123    
                         clock uncertainty           -0.035    15.088    
    SLICE_X5Y17          FDCE (Setup_fdce_C_D)        0.075    15.163    D3/tick_reg
  -------------------------------------------------------------------
                         required time                         15.163    
                         arrival time                          -9.609    
  -------------------------------------------------------------------
                         slack                                  5.554    

Slack (MET) :             5.749ns  (required time - arrival time)
  Source:                 CA/buf_reg[1][2]/C
                            (rising edge-triggered cell FDCE clocked by sys_clk  {rise@0.000ns fall@5.000ns period=10.000ns})
  Destination:            CA/buf_reg[0][1]/CE
                            (rising edge-triggered cell FDCE clocked by sys_clk  {rise@0.000ns fall@5.000ns period=10.000ns})
  Path Group:             sys_clk
  Path Type:              Setup (Max at Slow Process Corner)
  Requirement:            10.000ns  (sys_clk rise@10.000ns - sys_clk rise@0.000ns)
  Data Path Delay:        3.988ns  (logic 0.952ns (23.869%)  route 3.036ns (76.131%))
  Logic Levels:           4  (LUT4=1 LUT5=1 LUT6=2)
  Clock Path Skew:        -0.022ns (DCD - SCD + CPR)
    Destination Clock Delay (DCD):    4.849ns = ( 14.849 - 10.000 ) 
    Source Clock Delay      (SCD):    5.147ns
    Clock Pessimism Removal (CPR):    0.276ns
  Clock Uncertainty:      0.035ns  ((TSJ^2 + TIJ^2)^1/2 + DJ) / 2 + PE
    Total System Jitter     (TSJ):    0.071ns
    Total Input Jitter      (TIJ):    0.000ns
    Discrete Jitter          (DJ):    0.000ns
    Phase Error              (PE):    0.000ns

    Location             Delay type                Incr(ns)  Path(ns)    Netlist Resource(s)
  -------------------------------------------------------------------    -------------------
                         (clock sys_clk rise edge)    0.000     0.000 r  
    W5                                                0.000     0.000 r  clk (IN)
                         net (fo=0)                   0.000     0.000    clk
    W5                   IBUF (Prop_ibuf_I_O)         1.458     1.458 r  clk_IBUF_inst/O
                         net (fo=1, routed)           1.967     3.425    clk_IBUF
    BUFGCTRL_X0Y0        BUFG (Prop_bufg_I_O)         0.096     3.521 r  clk_IBUF_BUFG_inst/O
                         net (fo=380, routed)         1.626     5.147    CA/clk_IBUF_BUFG
    SLICE_X1Y30          FDCE                                         r  CA/buf_reg[1][2]/C
  -------------------------------------------------------------------    -------------------
    SLICE_X1Y30          FDCE (Prop_fdce_C_Q)         0.456     5.603 f  CA/buf_reg[1][2]/Q
                         net (fo=2, routed)           0.822     6.425    CA/buf_reg[0][3]_0[2]
    SLICE_X2Y29          LUT4 (Prop_lut4_I1_O)        0.124     6.549 f  CA/cmd_toggle_i_6/O
                         net (fo=1, routed)           0.805     7.354    CA/cmd_toggle_i_6_n_0
    SLICE_X1Y29          LUT5 (Prop_lut5_I2_O)        0.124     7.478 r  CA/cmd_toggle_i_2/O
                         net (fo=3, routed)           0.446     7.925    KP/n_dig_reg[0]
    SLICE_X2Y28          LUT6 (Prop_lut6_I1_O)        0.124     8.049 r  KP/n_dig[2]_i_6/O
                         net (fo=4, routed)           0.435     8.484    FSM/val_reg_reg[0]
    SLICE_X2Y27          LUT6 (Prop_lut6_I5_O)        0.124     8.608 r  FSM/buf[3][3]_i_1/O
                         net (fo=16, routed)          0.528     9.136    CA/E[0]
    SLICE_X0Y30          FDCE                                         r  CA/buf_reg[0][1]/CE
  -------------------------------------------------------------------    -------------------

                         (clock sys_clk rise edge)   10.000    10.000 r  
    W5                                                0.000    10.000 r  clk (IN)
                         net (fo=0)                   0.000    10.000    clk
    W5                   IBUF (Prop_ibuf_I_O)         1.388    11.388 r  clk_IBUF_inst/O
                         net (fo=1, routed)           1.862    13.250    clk_IBUF
    BUFGCTRL_X0Y0        BUFG (Prop_bufg_I_O)         0.091    13.341 r  clk_IBUF_BUFG_inst/O
                         net (fo=380, routed)         1.508    14.849    CA/clk_IBUF_BUFG
    SLICE_X0Y30          FDCE                                         r  CA/buf_reg[0][1]/C
                         clock pessimism              0.276    15.125    
                         clock uncertainty           -0.035    15.090    
    SLICE_X0Y30          FDCE (Setup_fdce_C_CE)      -0.205    14.885    CA/buf_reg[0][1]
  -------------------------------------------------------------------
                         required time                         14.885    
                         arrival time                          -9.136    
  -------------------------------------------------------------------
                         slack                                  5.749    

Slack (MET) :             5.749ns  (required time - arrival time)
  Source:                 CA/buf_reg[1][2]/C
                            (rising edge-triggered cell FDCE clocked by sys_clk  {rise@0.000ns fall@5.000ns period=10.000ns})
  Destination:            CA/buf_reg[1][1]/CE
                            (rising edge-triggered cell FDCE clocked by sys_clk  {rise@0.000ns fall@5.000ns period=10.000ns})
  Path Group:             sys_clk
  Path Type:              Setup (Max at Slow Process Corner)
  Requirement:            10.000ns  (sys_clk rise@10.000ns - sys_clk rise@0.000ns)
  Data Path Delay:        3.988ns  (logic 0.952ns (23.869%)  route 3.036ns (76.131%))
  Logic Levels:           4  (LUT4=1 LUT5=1 LUT6=2)
  Clock Path Skew:        -0.022ns (DCD - SCD + CPR)
    Destination Clock Delay (DCD):    4.849ns = ( 14.849 - 10.000 ) 
    Source Clock Delay      (SCD):    5.147ns
    Clock Pessimism Removal (CPR):    0.276ns
  Clock Uncertainty:      0.035ns  ((TSJ^2 + TIJ^2)^1/2 + DJ) / 2 + PE
    Total System Jitter     (TSJ):    0.071ns
    Total Input Jitter      (TIJ):    0.000ns
    Discrete Jitter          (DJ):    0.000ns
    Phase Error              (PE):    0.000ns

    Location             Delay type                Incr(ns)  Path(ns)    Netlist Resource(s)
  -------------------------------------------------------------------    -------------------
                         (clock sys_clk rise edge)    0.000     0.000 r  
    W5                                                0.000     0.000 r  clk (IN)
                         net (fo=0)                   0.000     0.000    clk
    W5                   IBUF (Prop_ibuf_I_O)         1.458     1.458 r  clk_IBUF_inst/O
                         net (fo=1, routed)           1.967     3.425    clk_IBUF
    BUFGCTRL_X0Y0        BUFG (Prop_bufg_I_O)         0.096     3.521 r  clk_IBUF_BUFG_inst/O
                         net (fo=380, routed)         1.626     5.147    CA/clk_IBUF_BUFG
    SLICE_X1Y30          FDCE                                         r  CA/buf_reg[1][2]/C
  -------------------------------------------------------------------    -------------------
    SLICE_X1Y30          FDCE (Prop_fdce_C_Q)         0.456     5.603 f  CA/buf_reg[1][2]/Q
                         net (fo=2, routed)           0.822     6.425    CA/buf_reg[0][3]_0[2]
    SLICE_X2Y29          LUT4 (Prop_lut4_I1_O)        0.124     6.549 f  CA/cmd_toggle_i_6/O
                         net (fo=1, routed)           0.805     7.354    CA/cmd_toggle_i_6_n_0
    SLICE_X1Y29          LUT5 (Prop_lut5_I2_O)        0.124     7.478 r  CA/cmd_toggle_i_2/O
                         net (fo=3, routed)           0.446     7.925    KP/n_dig_reg[0]
    SLICE_X2Y28          LUT6 (Prop_lut6_I1_O)        0.124     8.049 r  KP/n_dig[2]_i_6/O
                         net (fo=4, routed)           0.435     8.484    FSM/val_reg_reg[0]
    SLICE_X2Y27          LUT6 (Prop_lut6_I5_O)        0.124     8.608 r  FSM/buf[3][3]_i_1/O
                         net (fo=16, routed)          0.528     9.136    CA/E[0]
    SLICE_X0Y30          FDCE                                         r  CA/buf_reg[1][1]/CE
  -------------------------------------------------------------------    -------------------

                         (clock sys_clk rise edge)   10.000    10.000 r  
    W5                                                0.000    10.000 r  clk (IN)
                         net (fo=0)                   0.000    10.000    clk
    W5                   IBUF (Prop_ibuf_I_O)         1.388    11.388 r  clk_IBUF_inst/O
                         net (fo=1, routed)           1.862    13.250    clk_IBUF
    BUFGCTRL_X0Y0        BUFG (Prop_bufg_I_O)         0.091    13.341 r  clk_IBUF_BUFG_inst/O
                         net (fo=380, routed)         1.508    14.849    CA/clk_IBUF_BUFG
    SLICE_X0Y30          FDCE                                         r  CA/buf_reg[1][1]/C
                         clock pessimism              0.276    15.125    
                         clock uncertainty           -0.035    15.090    
    SLICE_X0Y30          FDCE (Setup_fdce_C_CE)      -0.205    14.885    CA/buf_reg[1][1]
  -------------------------------------------------------------------
                         required time                         14.885    
                         arrival time                          -9.136    
  -------------------------------------------------------------------
                         slack                                  5.749    

Slack (MET) :             5.749ns  (required time - arrival time)
  Source:                 CA/buf_reg[1][2]/C
                            (rising edge-triggered cell FDCE clocked by sys_clk  {rise@0.000ns fall@5.000ns period=10.000ns})
  Destination:            CA/buf_reg[2][1]/CE
                            (rising edge-triggered cell FDCE clocked by sys_clk  {rise@0.000ns fall@5.000ns period=10.000ns})
  Path Group:             sys_clk
  Path Type:              Setup (Max at Slow Process Corner)
  Requirement:            10.000ns  (sys_clk rise@10.000ns - sys_clk rise@0.000ns)
  Data Path Delay:        3.988ns  (logic 0.952ns (23.869%)  route 3.036ns (76.131%))
  Logic Levels:           4  (LUT4=1 LUT5=1 LUT6=2)
  Clock Path Skew:        -0.022ns (DCD - SCD + CPR)
    Destination Clock Delay (DCD):    4.849ns = ( 14.849 - 10.000 ) 
    Source Clock Delay      (SCD):    5.147ns
    Clock Pessimism Removal (CPR):    0.276ns
  Clock Uncertainty:      0.035ns  ((TSJ^2 + TIJ^2)^1/2 + DJ) / 2 + PE
    Total System Jitter     (TSJ):    0.071ns
    Total Input Jitter      (TIJ):    0.000ns
    Discrete Jitter          (DJ):    0.000ns
    Phase Error              (PE):    0.000ns

    Location             Delay type                Incr(ns)  Path(ns)    Netlist Resource(s)
  -------------------------------------------------------------------    -------------------
                         (clock sys_clk rise edge)    0.000     0.000 r  
    W5                                                0.000     0.000 r  clk (IN)
                         net (fo=0)                   0.000     0.000    clk
    W5                   IBUF (Prop_ibuf_I_O)         1.458     1.458 r  clk_IBUF_inst/O
                         net (fo=1, routed)           1.967     3.425    clk_IBUF
    BUFGCTRL_X0Y0        BUFG (Prop_bufg_I_O)         0.096     3.521 r  clk_IBUF_BUFG_inst/O
                         net (fo=380, routed)         1.626     5.147    CA/clk_IBUF_BUFG
    SLICE_X1Y30          FDCE                                         r  CA/buf_reg[1][2]/C
  -------------------------------------------------------------------    -------------------
    SLICE_X1Y30          FDCE (Prop_fdce_C_Q)         0.456     5.603 f  CA/buf_reg[1][2]/Q
                         net (fo=2, routed)           0.822     6.425    CA/buf_reg[0][3]_0[2]
    SLICE_X2Y29          LUT4 (Prop_lut4_I1_O)        0.124     6.549 f  CA/cmd_toggle_i_6/O
                         net (fo=1, routed)           0.805     7.354    CA/cmd_toggle_i_6_n_0
    SLICE_X1Y29          LUT5 (Prop_lut5_I2_O)        0.124     7.478 r  CA/cmd_toggle_i_2/O
                         net (fo=3, routed)           0.446     7.925    KP/n_dig_reg[0]
    SLICE_X2Y28          LUT6 (Prop_lut6_I1_O)        0.124     8.049 r  KP/n_dig[2]_i_6/O
                         net (fo=4, routed)           0.435     8.484    FSM/val_reg_reg[0]
    SLICE_X2Y27          LUT6 (Prop_lut6_I5_O)        0.124     8.608 r  FSM/buf[3][3]_i_1/O
                         net (fo=16, routed)          0.528     9.136    CA/E[0]
    SLICE_X0Y30          FDCE                                         r  CA/buf_reg[2][1]/CE
  -------------------------------------------------------------------    -------------------

                         (clock sys_clk rise edge)   10.000    10.000 r  
    W5                                                0.000    10.000 r  clk (IN)
                         net (fo=0)                   0.000    10.000    clk
    W5                   IBUF (Prop_ibuf_I_O)         1.388    11.388 r  clk_IBUF_inst/O
                         net (fo=1, routed)           1.862    13.250    clk_IBUF
    BUFGCTRL_X0Y0        BUFG (Prop_bufg_I_O)         0.091    13.341 r  clk_IBUF_BUFG_inst/O
                         net (fo=380, routed)         1.508    14.849    CA/clk_IBUF_BUFG
    SLICE_X0Y30          FDCE                                         r  CA/buf_reg[2][1]/C
                         clock pessimism              0.276    15.125    
                         clock uncertainty           -0.035    15.090    
    SLICE_X0Y30          FDCE (Setup_fdce_C_CE)      -0.205    14.885    CA/buf_reg[2][1]
  -------------------------------------------------------------------
                         required time                         14.885    
                         arrival time                          -9.136    
  -------------------------------------------------------------------
                         slack                                  5.749    

Slack (MET) :             5.758ns  (required time - arrival time)
  Source:                 CA/buf_reg[1][2]/C
                            (rising edge-triggered cell FDCE clocked by sys_clk  {rise@0.000ns fall@5.000ns period=10.000ns})
  Destination:            CA/buf_reg[1][3]/CE
                            (rising edge-triggered cell FDCE clocked by sys_clk  {rise@0.000ns fall@5.000ns period=10.000ns})
  Path Group:             sys_clk
  Path Type:              Setup (Max at Slow Process Corner)
  Requirement:            10.000ns  (sys_clk rise@10.000ns - sys_clk rise@0.000ns)
  Data Path Delay:        3.977ns  (logic 0.952ns (23.937%)  route 3.025ns (76.063%))
  Logic Levels:           4  (LUT4=1 LUT5=1 LUT6=2)
  Clock Path Skew:        -0.024ns (DCD - SCD + CPR)
    Destination Clock Delay (DCD):    4.849ns = ( 14.849 - 10.000 ) 
    Source Clock Delay      (SCD):    5.147ns
    Clock Pessimism Removal (CPR):    0.274ns
  Clock Uncertainty:      0.035ns  ((TSJ^2 + TIJ^2)^1/2 + DJ) / 2 + PE
    Total System Jitter     (TSJ):    0.071ns
    Total Input Jitter      (TIJ):    0.000ns
    Discrete Jitter          (DJ):    0.000ns
    Phase Error              (PE):    0.000ns

    Location             Delay type                Incr(ns)  Path(ns)    Netlist Resource(s)
  -------------------------------------------------------------------    -------------------
                         (clock sys_clk rise edge)    0.000     0.000 r  
    W5                                                0.000     0.000 r  clk (IN)
                         net (fo=0)                   0.000     0.000    clk
    W5                   IBUF (Prop_ibuf_I_O)         1.458     1.458 r  clk_IBUF_inst/O
                         net (fo=1, routed)           1.967     3.425    clk_IBUF
    BUFGCTRL_X0Y0        BUFG (Prop_bufg_I_O)         0.096     3.521 r  clk_IBUF_BUFG_inst/O
                         net (fo=380, routed)         1.626     5.147    CA/clk_IBUF_BUFG
    SLICE_X1Y30          FDCE                                         r  CA/buf_reg[1][2]/C
  -------------------------------------------------------------------    -------------------
    SLICE_X1Y30          FDCE (Prop_fdce_C_Q)         0.456     5.603 f  CA/buf_reg[1][2]/Q
                         net (fo=2, routed)           0.822     6.425    CA/buf_reg[0][3]_0[2]
    SLICE_X2Y29          LUT4 (Prop_lut4_I1_O)        0.124     6.549 f  CA/cmd_toggle_i_6/O
                         net (fo=1, routed)           0.805     7.354    CA/cmd_toggle_i_6_n_0
    SLICE_X1Y29          LUT5 (Prop_lut5_I2_O)        0.124     7.478 r  CA/cmd_toggle_i_2/O
                         net (fo=3, routed)           0.446     7.925    KP/n_dig_reg[0]
    SLICE_X2Y28          LUT6 (Prop_lut6_I1_O)        0.124     8.049 r  KP/n_dig[2]_i_6/O
                         net (fo=4, routed)           0.435     8.484    FSM/val_reg_reg[0]
    SLICE_X2Y27          LUT6 (Prop_lut6_I5_O)        0.124     8.608 r  FSM/buf[3][3]_i_1/O
                         net (fo=16, routed)          0.517     9.124    CA/E[0]
    SLICE_X1Y29          FDCE                                         r  CA/buf_reg[1][3]/CE
  -------------------------------------------------------------------    -------------------

                         (clock sys_clk rise edge)   10.000    10.000 r  
    W5                                                0.000    10.000 r  clk (IN)
                         net (fo=0)                   0.000    10.000    clk
    W5                   IBUF (Prop_ibuf_I_O)         1.388    11.388 r  clk_IBUF_inst/O
                         net (fo=1, routed)           1.862    13.250    clk_IBUF
    BUFGCTRL_X0Y0        BUFG (Prop_bufg_I_O)         0.091    13.341 r  clk_IBUF_BUFG_inst/O
                         net (fo=380, routed)         1.508    14.849    CA/clk_IBUF_BUFG
    SLICE_X1Y29          FDCE                                         r  CA/buf_reg[1][3]/C
                         clock pessimism              0.274    15.123    
                         clock uncertainty           -0.035    15.088    
    SLICE_X1Y29          FDCE (Setup_fdce_C_CE)      -0.205    14.883    CA/buf_reg[1][3]
  -------------------------------------------------------------------
                         required time                         14.883    
                         arrival time                          -9.124    
  -------------------------------------------------------------------
                         slack                                  5.758    

Slack (MET) :             5.758ns  (required time - arrival time)
  Source:                 CA/buf_reg[1][2]/C
                            (rising edge-triggered cell FDCE clocked by sys_clk  {rise@0.000ns fall@5.000ns period=10.000ns})
  Destination:            CA/buf_reg[3][0]/CE
                            (rising edge-triggered cell FDCE clocked by sys_clk  {rise@0.000ns fall@5.000ns period=10.000ns})
  Path Group:             sys_clk
  Path Type:              Setup (Max at Slow Process Corner)
  Requirement:            10.000ns  (sys_clk rise@10.000ns - sys_clk rise@0.000ns)
  Data Path Delay:        3.977ns  (logic 0.952ns (23.937%)  route 3.025ns (76.063%))
  Logic Levels:           4  (LUT4=1 LUT5=1 LUT6=2)
  Clock Path Skew:        -0.024ns (DCD - SCD + CPR)
    Destination Clock Delay (DCD):    4.849ns = ( 14.849 - 10.000 ) 
    Source Clock Delay      (SCD):    5.147ns
    Clock Pessimism Removal (CPR):    0.274ns
  Clock Uncertainty:      0.035ns  ((TSJ^2 + TIJ^2)^1/2 + DJ) / 2 + PE
    Total System Jitter     (TSJ):    0.071ns
    Total Input Jitter      (TIJ):    0.000ns
    Discrete Jitter          (DJ):    0.000ns
    Phase Error              (PE):    0.000ns

    Location             Delay type                Incr(ns)  Path(ns)    Netlist Resource(s)
  -------------------------------------------------------------------    -------------------
                         (clock sys_clk rise edge)    0.000     0.000 r  
    W5                                                0.000     0.000 r  clk (IN)
                         net (fo=0)                   0.000     0.000    clk
    W5                   IBUF (Prop_ibuf_I_O)         1.458     1.458 r  clk_IBUF_inst/O
                         net (fo=1, routed)           1.967     3.425    clk_IBUF
    BUFGCTRL_X0Y0        BUFG (Prop_bufg_I_O)         0.096     3.521 r  clk_IBUF_BUFG_inst/O
                         net (fo=380, routed)         1.626     5.147    CA/clk_IBUF_BUFG
    SLICE_X1Y30          FDCE                                         r  CA/buf_reg[1][2]/C
  -------------------------------------------------------------------    -------------------
    SLICE_X1Y30          FDCE (Prop_fdce_C_Q)         0.456     5.603 f  CA/buf_reg[1][2]/Q
                         net (fo=2, routed)           0.822     6.425    CA/buf_reg[0][3]_0[2]
    SLICE_X2Y29          LUT4 (Prop_lut4_I1_O)        0.124     6.549 f  CA/cmd_toggle_i_6/O
                         net (fo=1, routed)           0.805     7.354    CA/cmd_toggle_i_6_n_0
    SLICE_X1Y29          LUT5 (Prop_lut5_I2_O)        0.124     7.478 r  CA/cmd_toggle_i_2/O
                         net (fo=3, routed)           0.446     7.925    KP/n_dig_reg[0]
    SLICE_X2Y28          LUT6 (Prop_lut6_I1_O)        0.124     8.049 r  KP/n_dig[2]_i_6/O
                         net (fo=4, routed)           0.435     8.484    FSM/val_reg_reg[0]
    SLICE_X2Y27          LUT6 (Prop_lut6_I5_O)        0.124     8.608 r  FSM/buf[3][3]_i_1/O
                         net (fo=16, routed)          0.517     9.124    CA/E[0]
    SLICE_X1Y29          FDCE                                         r  CA/buf_reg[3][0]/CE
  -------------------------------------------------------------------    -------------------

                         (clock sys_clk rise edge)   10.000    10.000 r  
    W5                                                0.000    10.000 r  clk (IN)
                         net (fo=0)                   0.000    10.000    clk
    W5                   IBUF (Prop_ibuf_I_O)         1.388    11.388 r  clk_IBUF_inst/O
                         net (fo=1, routed)           1.862    13.250    clk_IBUF
    BUFGCTRL_X0Y0        BUFG (Prop_bufg_I_O)         0.091    13.341 r  clk_IBUF_BUFG_inst/O
                         net (fo=380, routed)         1.508    14.849    CA/clk_IBUF_BUFG
    SLICE_X1Y29          FDCE                                         r  CA/buf_reg[3][0]/C
                         clock pessimism              0.274    15.123    
                         clock uncertainty           -0.035    15.088    
    SLICE_X1Y29          FDCE (Setup_fdce_C_CE)      -0.205    14.883    CA/buf_reg[3][0]
  -------------------------------------------------------------------
                         required time                         14.883    
                         arrival time                          -9.124    
  -------------------------------------------------------------------
                         slack                                  5.758    

Slack (MET) :             5.758ns  (required time - arrival time)
  Source:                 CA/buf_reg[1][2]/C
                            (rising edge-triggered cell FDCE clocked by sys_clk  {rise@0.000ns fall@5.000ns period=10.000ns})
  Destination:            CA/buf_reg[3][1]/CE
                            (rising edge-triggered cell FDCE clocked by sys_clk  {rise@0.000ns fall@5.000ns period=10.000ns})
  Path Group:             sys_clk
  Path Type:              Setup (Max at Slow Process Corner)
  Requirement:            10.000ns  (sys_clk rise@10.000ns - sys_clk rise@0.000ns)
  Data Path Delay:        3.977ns  (logic 0.952ns (23.937%)  route 3.025ns (76.063%))
  Logic Levels:           4  (LUT4=1 LUT5=1 LUT6=2)
  Clock Path Skew:        -0.024ns (DCD - SCD + CPR)
    Destination Clock Delay (DCD):    4.849ns = ( 14.849 - 10.000 ) 
    Source Clock Delay      (SCD):    5.147ns
    Clock Pessimism Removal (CPR):    0.274ns
  Clock Uncertainty:      0.035ns  ((TSJ^2 + TIJ^2)^1/2 + DJ) / 2 + PE
    Total System Jitter     (TSJ):    0.071ns
    Total Input Jitter      (TIJ):    0.000ns
    Discrete Jitter          (DJ):    0.000ns
    Phase Error              (PE):    0.000ns

    Location             Delay type                Incr(ns)  Path(ns)    Netlist Resource(s)
  -------------------------------------------------------------------    -------------------
                         (clock sys_clk rise edge)    0.000     0.000 r  
    W5                                                0.000     0.000 r  clk (IN)
                         net (fo=0)                   0.000     0.000    clk
    W5                   IBUF (Prop_ibuf_I_O)         1.458     1.458 r  clk_IBUF_inst/O
                         net (fo=1, routed)           1.967     3.425    clk_IBUF
    BUFGCTRL_X0Y0        BUFG (Prop_bufg_I_O)         0.096     3.521 r  clk_IBUF_BUFG_inst/O
                         net (fo=380, routed)         1.626     5.147    CA/clk_IBUF_BUFG
    SLICE_X1Y30          FDCE                                         r  CA/buf_reg[1][2]/C
  -------------------------------------------------------------------    -------------------
    SLICE_X1Y30          FDCE (Prop_fdce_C_Q)         0.456     5.603 f  CA/buf_reg[1][2]/Q
                         net (fo=2, routed)           0.822     6.425    CA/buf_reg[0][3]_0[2]
    SLICE_X2Y29          LUT4 (Prop_lut4_I1_O)        0.124     6.549 f  CA/cmd_toggle_i_6/O
                         net (fo=1, routed)           0.805     7.354    CA/cmd_toggle_i_6_n_0
    SLICE_X1Y29          LUT5 (Prop_lut5_I2_O)        0.124     7.478 r  CA/cmd_toggle_i_2/O
                         net (fo=3, routed)           0.446     7.925    KP/n_dig_reg[0]
    SLICE_X2Y28          LUT6 (Prop_lut6_I1_O)        0.124     8.049 r  KP/n_dig[2]_i_6/O
                         net (fo=4, routed)           0.435     8.484    FSM/val_reg_reg[0]
    SLICE_X2Y27          LUT6 (Prop_lut6_I5_O)        0.124     8.608 r  FSM/buf[3][3]_i_1/O
                         net (fo=16, routed)          0.517     9.124    CA/E[0]
    SLICE_X1Y29          FDCE                                         r  CA/buf_reg[3][1]/CE
  -------------------------------------------------------------------    -------------------

                         (clock sys_clk rise edge)   10.000    10.000 r  
    W5                                                0.000    10.000 r  clk (IN)
                         net (fo=0)                   0.000    10.000    clk
    W5                   IBUF (Prop_ibuf_I_O)         1.388    11.388 r  clk_IBUF_inst/O
                         net (fo=1, routed)           1.862    13.250    clk_IBUF
    BUFGCTRL_X0Y0        BUFG (Prop_bufg_I_O)         0.091    13.341 r  clk_IBUF_BUFG_inst/O
                         net (fo=380, routed)         1.508    14.849    CA/clk_IBUF_BUFG
    SLICE_X1Y29          FDCE                                         r  CA/buf_reg[3][1]/C
                         clock pessimism              0.274    15.123    
                         clock uncertainty           -0.035    15.088    
    SLICE_X1Y29          FDCE (Setup_fdce_C_CE)      -0.205    14.883    CA/buf_reg[3][1]
  -------------------------------------------------------------------
                         required time                         14.883    
                         arrival time                          -9.124    
  -------------------------------------------------------------------
                         slack                                  5.758    

Slack (MET) :             5.758ns  (required time - arrival time)
  Source:                 CA/buf_reg[1][2]/C
                            (rising edge-triggered cell FDCE clocked by sys_clk  {rise@0.000ns fall@5.000ns period=10.000ns})
  Destination:            CA/buf_reg[3][3]/CE
                            (rising edge-triggered cell FDCE clocked by sys_clk  {rise@0.000ns fall@5.000ns period=10.000ns})
  Path Group:             sys_clk
  Path Type:              Setup (Max at Slow Process Corner)
  Requirement:            10.000ns  (sys_clk rise@10.000ns - sys_clk rise@0.000ns)
  Data Path Delay:        3.977ns  (logic 0.952ns (23.937%)  route 3.025ns (76.063%))
  Logic Levels:           4  (LUT4=1 LUT5=1 LUT6=2)
  Clock Path Skew:        -0.024ns (DCD - SCD + CPR)
    Destination Clock Delay (DCD):    4.849ns = ( 14.849 - 10.000 ) 
    Source Clock Delay      (SCD):    5.147ns
    Clock Pessimism Removal (CPR):    0.274ns
  Clock Uncertainty:      0.035ns  ((TSJ^2 + TIJ^2)^1/2 + DJ) / 2 + PE
    Total System Jitter     (TSJ):    0.071ns
    Total Input Jitter      (TIJ):    0.000ns
    Discrete Jitter          (DJ):    0.000ns
    Phase Error              (PE):    0.000ns

    Location             Delay type                Incr(ns)  Path(ns)    Netlist Resource(s)
  -------------------------------------------------------------------    -------------------
                         (clock sys_clk rise edge)    0.000     0.000 r  
    W5                                                0.000     0.000 r  clk (IN)
                         net (fo=0)                   0.000     0.000    clk
    W5                   IBUF (Prop_ibuf_I_O)         1.458     1.458 r  clk_IBUF_inst/O
                         net (fo=1, routed)           1.967     3.425    clk_IBUF
    BUFGCTRL_X0Y0        BUFG (Prop_bufg_I_O)         0.096     3.521 r  clk_IBUF_BUFG_inst/O
                         net (fo=380, routed)         1.626     5.147    CA/clk_IBUF_BUFG
    SLICE_X1Y30          FDCE                                         r  CA/buf_reg[1][2]/C
  -------------------------------------------------------------------    -------------------
    SLICE_X1Y30          FDCE (Prop_fdce_C_Q)         0.456     5.603 f  CA/buf_reg[1][2]/Q
                         net (fo=2, routed)           0.822     6.425    CA/buf_reg[0][3]_0[2]
    SLICE_X2Y29          LUT4 (Prop_lut4_I1_O)        0.124     6.549 f  CA/cmd_toggle_i_6/O
                         net (fo=1, routed)           0.805     7.354    CA/cmd_toggle_i_6_n_0
    SLICE_X1Y29          LUT5 (Prop_lut5_I2_O)        0.124     7.478 r  CA/cmd_toggle_i_2/O
                         net (fo=3, routed)           0.446     7.925    KP/n_dig_reg[0]
    SLICE_X2Y28          LUT6 (Prop_lut6_I1_O)        0.124     8.049 r  KP/n_dig[2]_i_6/O
                         net (fo=4, routed)           0.435     8.484    FSM/val_reg_reg[0]
    SLICE_X2Y27          LUT6 (Prop_lut6_I5_O)        0.124     8.608 r  FSM/buf[3][3]_i_1/O
                         net (fo=16, routed)          0.517     9.124    CA/E[0]
    SLICE_X1Y29          FDCE                                         r  CA/buf_reg[3][3]/CE
  -------------------------------------------------------------------    -------------------

                         (clock sys_clk rise edge)   10.000    10.000 r  
    W5                                                0.000    10.000 r  clk (IN)
                         net (fo=0)                   0.000    10.000    clk
    W5                   IBUF (Prop_ibuf_I_O)         1.388    11.388 r  clk_IBUF_inst/O
                         net (fo=1, routed)           1.862    13.250    clk_IBUF
    BUFGCTRL_X0Y0        BUFG (Prop_bufg_I_O)         0.091    13.341 r  clk_IBUF_BUFG_inst/O
                         net (fo=380, routed)         1.508    14.849    CA/clk_IBUF_BUFG
    SLICE_X1Y29          FDCE                                         r  CA/buf_reg[3][3]/C
                         clock pessimism              0.274    15.123    
                         clock uncertainty           -0.035    15.088    
    SLICE_X1Y29          FDCE (Setup_fdce_C_CE)      -0.205    14.883    CA/buf_reg[3][3]
  -------------------------------------------------------------------
                         required time                         14.883    
                         arrival time                          -9.124    
  -------------------------------------------------------------------
                         slack                                  5.758    





Min Delay Paths
--------------------------------------------------------------------------------------
Slack (MET) :             0.162ns  (arrival time - required time)
  Source:                 IE/U_RX/sh_reg[0]/C
                            (rising edge-triggered cell FDRE clocked by sys_clk  {rise@0.000ns fall@5.000ns period=10.000ns})
  Destination:            IE/U_RX/data_reg[0]/D
                            (rising edge-triggered cell FDRE clocked by sys_clk  {rise@0.000ns fall@5.000ns period=10.000ns})
  Path Group:             sys_clk
  Path Type:              Hold (Min at Fast Process Corner)
  Requirement:            0.000ns  (sys_clk rise@0.000ns - sys_clk rise@0.000ns)
  Data Path Delay:        0.257ns  (logic 0.141ns (54.785%)  route 0.116ns (45.215%))
  Logic Levels:           0  
  Clock Path Skew:        0.036ns (DCD - SCD - CPR)
    Destination Clock Delay (DCD):    1.978ns
    Source Clock Delay      (SCD):    1.464ns
    Clock Pessimism Removal (CPR):    0.478ns

    Location             Delay type                Incr(ns)  Path(ns)    Netlist Resource(s)
  -------------------------------------------------------------------    -------------------
                         (clock sys_clk rise edge)    0.000     0.000 r  
    W5                                                0.000     0.000 r  clk (IN)
                         net (fo=0)                   0.000     0.000    clk
    W5                   IBUF (Prop_ibuf_I_O)         0.226     0.226 r  clk_IBUF_inst/O
                         net (fo=1, routed)           0.631     0.858    clk_IBUF
    BUFGCTRL_X0Y0        BUFG (Prop_bufg_I_O)         0.026     0.884 r  clk_IBUF_BUFG_inst/O
                         net (fo=380, routed)         0.581     1.464    IE/U_RX/clk_IBUF_BUFG
    SLICE_X5Y23          FDRE                                         r  IE/U_RX/sh_reg[0]/C
  -------------------------------------------------------------------    -------------------
    SLICE_X5Y23          FDRE (Prop_fdre_C_Q)         0.141     1.605 r  IE/U_RX/sh_reg[0]/Q
                         net (fo=1, routed)           0.116     1.721    IE/U_RX/sh_reg_n_0_[0]
    SLICE_X2Y23          FDRE                                         r  IE/U_RX/data_reg[0]/D
  -------------------------------------------------------------------    -------------------

                         (clock sys_clk rise edge)    0.000     0.000 r  
    W5                                                0.000     0.000 r  clk (IN)
                         net (fo=0)                   0.000     0.000    clk
    W5                   IBUF (Prop_ibuf_I_O)         0.414     0.414 r  clk_IBUF_inst/O
                         net (fo=1, routed)           0.685     1.099    clk_IBUF
    BUFGCTRL_X0Y0        BUFG (Prop_bufg_I_O)         0.029     1.128 r  clk_IBUF_BUFG_inst/O
                         net (fo=380, routed)         0.851     1.978    IE/U_RX/clk_IBUF_BUFG
    SLICE_X2Y23          FDRE                                         r  IE/U_RX/data_reg[0]/C
                         clock pessimism             -0.478     1.500    
    SLICE_X2Y23          FDRE (Hold_fdre_C_D)         0.059     1.559    IE/U_RX/data_reg[0]
  -------------------------------------------------------------------
                         required time                         -1.559    
                         arrival time                           1.721    
  -------------------------------------------------------------------
                         slack                                  0.162    

Slack (MET) :             0.178ns  (arrival time - required time)
  Source:                 KP/col_idx_reg[0]/C
                            (rising edge-triggered cell FDCE clocked by sys_clk  {rise@0.000ns fall@5.000ns period=10.000ns})
  Destination:            KP/val_reg_reg[1]/D
                            (rising edge-triggered cell FDCE clocked by sys_clk  {rise@0.000ns fall@5.000ns period=10.000ns})
  Path Group:             sys_clk
  Path Type:              Hold (Min at Fast Process Corner)
  Requirement:            0.000ns  (sys_clk rise@0.000ns - sys_clk rise@0.000ns)
  Data Path Delay:        0.298ns  (logic 0.189ns (63.484%)  route 0.109ns (36.516%))
  Logic Levels:           1  (LUT5=1)
  Clock Path Skew:        0.013ns (DCD - SCD - CPR)
    Destination Clock Delay (DCD):    1.980ns
    Source Clock Delay      (SCD):    1.468ns
    Clock Pessimism Removal (CPR):    0.499ns

    Location             Delay type                Incr(ns)  Path(ns)    Netlist Resource(s)
  -------------------------------------------------------------------    -------------------
                         (clock sys_clk rise edge)    0.000     0.000 r  
    W5                                                0.000     0.000 r  clk (IN)
                         net (fo=0)                   0.000     0.000    clk
    W5                   IBUF (Prop_ibuf_I_O)         0.226     0.226 r  clk_IBUF_inst/O
                         net (fo=1, routed)           0.631     0.858    clk_IBUF
    BUFGCTRL_X0Y0        BUFG (Prop_bufg_I_O)         0.026     0.884 r  clk_IBUF_BUFG_inst/O
                         net (fo=380, routed)         0.585     1.468    KP/clk_IBUF_BUFG
    SLICE_X0Y27          FDCE                                         r  KP/col_idx_reg[0]/C
  -------------------------------------------------------------------    -------------------
    SLICE_X0Y27          FDCE (Prop_fdce_C_Q)         0.141     1.609 r  KP/col_idx_reg[0]/Q
                         net (fo=11, routed)          0.109     1.718    KP/col[0]
    SLICE_X1Y27          LUT5 (Prop_lut5_I0_O)        0.048     1.766 r  KP/val_reg[1]_i_1/O
                         net (fo=1, routed)           0.000     1.766    KP/val_reg[1]_i_1_n_0
    SLICE_X1Y27          FDCE                                         r  KP/val_reg_reg[1]/D
  -------------------------------------------------------------------    -------------------

                         (clock sys_clk rise edge)    0.000     0.000 r  
    W5                                                0.000     0.000 r  clk (IN)
                         net (fo=0)                   0.000     0.000    clk
    W5                   IBUF (Prop_ibuf_I_O)         0.414     0.414 r  clk_IBUF_inst/O
                         net (fo=1, routed)           0.685     1.099    clk_IBUF
    BUFGCTRL_X0Y0        BUFG (Prop_bufg_I_O)         0.029     1.128 r  clk_IBUF_BUFG_inst/O
                         net (fo=380, routed)         0.853     1.980    KP/clk_IBUF_BUFG
    SLICE_X1Y27          FDCE                                         r  KP/val_reg_reg[1]/C
                         clock pessimism             -0.499     1.481    
    SLICE_X1Y27          FDCE (Hold_fdce_C_D)         0.107     1.588    KP/val_reg_reg[1]
  -------------------------------------------------------------------
                         required time                         -1.588    
                         arrival time                           1.766    
  -------------------------------------------------------------------
                         slack                                  0.178    

Slack (MET) :             0.178ns  (arrival time - required time)
  Source:                 IE/U_RX/sh_reg[5]/C
                            (rising edge-triggered cell FDRE clocked by sys_clk  {rise@0.000ns fall@5.000ns period=10.000ns})
  Destination:            IE/U_RX/data_reg[5]/D
                            (rising edge-triggered cell FDRE clocked by sys_clk  {rise@0.000ns fall@5.000ns period=10.000ns})
  Path Group:             sys_clk
  Path Type:              Hold (Min at Fast Process Corner)
  Requirement:            0.000ns  (sys_clk rise@0.000ns - sys_clk rise@0.000ns)
  Data Path Delay:        0.243ns  (logic 0.141ns (58.024%)  route 0.102ns (41.976%))
  Logic Levels:           0  
  Clock Path Skew:        0.013ns (DCD - SCD - CPR)
    Destination Clock Delay (DCD):    1.977ns
    Source Clock Delay      (SCD):    1.465ns
    Clock Pessimism Removal (CPR):    0.499ns

    Location             Delay type                Incr(ns)  Path(ns)    Netlist Resource(s)
  -------------------------------------------------------------------    -------------------
                         (clock sys_clk rise edge)    0.000     0.000 r  
    W5                                                0.000     0.000 r  clk (IN)
                         net (fo=0)                   0.000     0.000    clk
    W5                   IBUF (Prop_ibuf_I_O)         0.226     0.226 r  clk_IBUF_inst/O
                         net (fo=1, routed)           0.631     0.858    clk_IBUF
    BUFGCTRL_X0Y0        BUFG (Prop_bufg_I_O)         0.026     0.884 r  clk_IBUF_BUFG_inst/O
                         net (fo=380, routed)         0.582     1.465    IE/U_RX/clk_IBUF_BUFG
    SLICE_X1Y24          FDRE                                         r  IE/U_RX/sh_reg[5]/C
  -------------------------------------------------------------------    -------------------
    SLICE_X1Y24          FDRE (Prop_fdre_C_Q)         0.141     1.606 r  IE/U_RX/sh_reg[5]/Q
                         net (fo=1, routed)           0.102     1.708    IE/U_RX/sh_reg_n_0_[5]
    SLICE_X2Y24          FDRE                                         r  IE/U_RX/data_reg[5]/D
  -------------------------------------------------------------------    -------------------

                         (clock sys_clk rise edge)    0.000     0.000 r  
    W5                                                0.000     0.000 r  clk (IN)
                         net (fo=0)                   0.000     0.000    clk
    W5                   IBUF (Prop_ibuf_I_O)         0.414     0.414 r  clk_IBUF_inst/O
                         net (fo=1, routed)           0.685     1.099    clk_IBUF
    BUFGCTRL_X0Y0        BUFG (Prop_bufg_I_O)         0.029     1.128 r  clk_IBUF_BUFG_inst/O
                         net (fo=380, routed)         0.850     1.977    IE/U_RX/clk_IBUF_BUFG
    SLICE_X2Y24          FDRE                                         r  IE/U_RX/data_reg[5]/C
                         clock pessimism             -0.499     1.478    
    SLICE_X2Y24          FDRE (Hold_fdre_C_D)         0.052     1.530    IE/U_RX/data_reg[5]
  -------------------------------------------------------------------
                         required time                         -1.530    
                         arrival time                           1.708    
  -------------------------------------------------------------------
                         slack                                  0.178    

Slack (MET) :             0.182ns  (arrival time - required time)
  Source:                 IE/U_RX/sh_reg[2]/C
                            (rising edge-triggered cell FDRE clocked by sys_clk  {rise@0.000ns fall@5.000ns period=10.000ns})
  Destination:            IE/U_RX/data_reg[2]/D
                            (rising edge-triggered cell FDRE clocked by sys_clk  {rise@0.000ns fall@5.000ns period=10.000ns})
  Path Group:             sys_clk
  Path Type:              Hold (Min at Fast Process Corner)
  Requirement:            0.000ns  (sys_clk rise@0.000ns - sys_clk rise@0.000ns)
  Data Path Delay:        0.247ns  (logic 0.141ns (57.182%)  route 0.106ns (42.818%))
  Logic Levels:           0  
  Clock Path Skew:        0.013ns (DCD - SCD - CPR)
    Destination Clock Delay (DCD):    1.978ns
    Source Clock Delay      (SCD):    1.466ns
    Clock Pessimism Removal (CPR):    0.499ns

    Location             Delay type                Incr(ns)  Path(ns)    Netlist Resource(s)
  -------------------------------------------------------------------    -------------------
                         (clock sys_clk rise edge)    0.000     0.000 r  
    W5                                                0.000     0.000 r  clk (IN)
                         net (fo=0)                   0.000     0.000    clk
    W5                   IBUF (Prop_ibuf_I_O)         0.226     0.226 r  clk_IBUF_inst/O
                         net (fo=1, routed)           0.631     0.858    clk_IBUF
    BUFGCTRL_X0Y0        BUFG (Prop_bufg_I_O)         0.026     0.884 r  clk_IBUF_BUFG_inst/O
                         net (fo=380, routed)         0.583     1.466    IE/U_RX/clk_IBUF_BUFG
    SLICE_X0Y23          FDRE                                         r  IE/U_RX/sh_reg[2]/C
  -------------------------------------------------------------------    -------------------
    SLICE_X0Y23          FDRE (Prop_fdre_C_Q)         0.141     1.607 r  IE/U_RX/sh_reg[2]/Q
                         net (fo=1, routed)           0.106     1.713    IE/U_RX/sh_reg_n_0_[2]
    SLICE_X2Y23          FDRE                                         r  IE/U_RX/data_reg[2]/D
  -------------------------------------------------------------------    -------------------

                         (clock sys_clk rise edge)    0.000     0.000 r  
    W5                                                0.000     0.000 r  clk (IN)
                         net (fo=0)                   0.000     0.000    clk
    W5                   IBUF (Prop_ibuf_I_O)         0.414     0.414 r  clk_IBUF_inst/O
                         net (fo=1, routed)           0.685     1.099    clk_IBUF
    BUFGCTRL_X0Y0        BUFG (Prop_bufg_I_O)         0.029     1.128 r  clk_IBUF_BUFG_inst/O
                         net (fo=380, routed)         0.851     1.978    IE/U_RX/clk_IBUF_BUFG
    SLICE_X2Y23          FDRE                                         r  IE/U_RX/data_reg[2]/C
                         clock pessimism             -0.499     1.479    
    SLICE_X2Y23          FDRE (Hold_fdre_C_D)         0.052     1.531    IE/U_RX/data_reg[2]
  -------------------------------------------------------------------
                         required time                         -1.531    
                         arrival time                           1.713    
  -------------------------------------------------------------------
                         slack                                  0.182    

Slack (MET) :             0.185ns  (arrival time - required time)
  Source:                 s_reed1_reg[0]/C
                            (rising edge-triggered cell FDRE clocked by sys_clk  {rise@0.000ns fall@5.000ns period=10.000ns})
  Destination:            s_reed1_reg[1]/D
                            (rising edge-triggered cell FDRE clocked by sys_clk  {rise@0.000ns fall@5.000ns period=10.000ns})
  Path Group:             sys_clk
  Path Type:              Hold (Min at Fast Process Corner)
  Requirement:            0.000ns  (sys_clk rise@0.000ns - sys_clk rise@0.000ns)
  Data Path Delay:        0.257ns  (logic 0.141ns (54.828%)  route 0.116ns (45.172%))
  Logic Levels:           0  
  Clock Path Skew:        0.013ns (DCD - SCD - CPR)
    Destination Clock Delay (DCD):    1.953ns
    Source Clock Delay      (SCD):    1.441ns
    Clock Pessimism Removal (CPR):    0.499ns

    Location             Delay type                Incr(ns)  Path(ns)    Netlist Resource(s)
  -------------------------------------------------------------------    -------------------
                         (clock sys_clk rise edge)    0.000     0.000 r  
    W5                                                0.000     0.000 r  clk (IN)
                         net (fo=0)                   0.000     0.000    clk
    W5                   IBUF (Prop_ibuf_I_O)         0.226     0.226 r  clk_IBUF_inst/O
                         net (fo=1, routed)           0.631     0.858    clk_IBUF
    BUFGCTRL_X0Y0        BUFG (Prop_bufg_I_O)         0.026     0.884 r  clk_IBUF_BUFG_inst/O
                         net (fo=380, routed)         0.558     1.441    clk_IBUF_BUFG
    SLICE_X13Y30         FDRE                                         r  s_reed1_reg[0]/C
  -------------------------------------------------------------------    -------------------
    SLICE_X13Y30         FDRE (Prop_fdre_C_Q)         0.141     1.582 r  s_reed1_reg[0]/Q
                         net (fo=1, routed)           0.116     1.698    s_reed1[0]
    SLICE_X12Y30         FDRE                                         r  s_reed1_reg[1]/D
  -------------------------------------------------------------------    -------------------

                         (clock sys_clk rise edge)    0.000     0.000 r  
    W5                                                0.000     0.000 r  clk (IN)
                         net (fo=0)                   0.000     0.000    clk
    W5                   IBUF (Prop_ibuf_I_O)         0.414     0.414 r  clk_IBUF_inst/O
                         net (fo=1, routed)           0.685     1.099    clk_IBUF
    BUFGCTRL_X0Y0        BUFG (Prop_bufg_I_O)         0.029     1.128 r  clk_IBUF_BUFG_inst/O
                         net (fo=380, routed)         0.826     1.953    clk_IBUF_BUFG
    SLICE_X12Y30         FDRE                                         r  s_reed1_reg[1]/C
                         clock pessimism             -0.499     1.454    
    SLICE_X12Y30         FDRE (Hold_fdre_C_D)         0.059     1.513    s_reed1_reg[1]
  -------------------------------------------------------------------
                         required time                         -1.513    
                         arrival time                           1.698    
  -------------------------------------------------------------------
                         slack                                  0.185    

Slack (MET) :             0.185ns  (arrival time - required time)
  Source:                 DB/state_d_reg/C
                            (rising edge-triggered cell FDCE clocked by sys_clk  {rise@0.000ns fall@5.000ns period=10.000ns})
  Destination:            DB/rise_reg/D
                            (rising edge-triggered cell FDCE clocked by sys_clk  {rise@0.000ns fall@5.000ns period=10.000ns})
  Path Group:             sys_clk
  Path Type:              Hold (Min at Fast Process Corner)
  Requirement:            0.000ns  (sys_clk rise@0.000ns - sys_clk rise@0.000ns)
  Data Path Delay:        0.305ns  (logic 0.246ns (80.588%)  route 0.059ns (19.412%))
  Logic Levels:           1  (LUT2=1)
  Clock Path Skew:        0.000ns (DCD - SCD - CPR)
    Destination Clock Delay (DCD):    1.983ns
    Source Clock Delay      (SCD):    1.470ns
    Clock Pessimism Removal (CPR):    0.513ns

    Location             Delay type                Incr(ns)  Path(ns)    Netlist Resource(s)
  -------------------------------------------------------------------    -------------------
                         (clock sys_clk rise edge)    0.000     0.000 r  
    W5                                                0.000     0.000 r  clk (IN)
                         net (fo=0)                   0.000     0.000    clk
    W5                   IBUF (Prop_ibuf_I_O)         0.226     0.226 r  clk_IBUF_inst/O
                         net (fo=1, routed)           0.631     0.858    clk_IBUF
    BUFGCTRL_X0Y0        BUFG (Prop_bufg_I_O)         0.026     0.884 r  clk_IBUF_BUFG_inst/O
                         net (fo=380, routed)         0.587     1.470    DB/clk_IBUF_BUFG
    SLICE_X2Y19          FDCE                                         r  DB/state_d_reg/C
  -------------------------------------------------------------------    -------------------
    SLICE_X2Y19          FDCE (Prop_fdce_C_Q)         0.148     1.618 f  DB/state_d_reg/Q
                         net (fo=1, routed)           0.059     1.677    DB/state_d
    SLICE_X2Y19          LUT2 (Prop_lut2_I1_O)        0.098     1.775 r  DB/rise_i_1/O
                         net (fo=1, routed)           0.000     1.775    DB/rise0
    SLICE_X2Y19          FDCE                                         r  DB/rise_reg/D
  -------------------------------------------------------------------    -------------------

                         (clock sys_clk rise edge)    0.000     0.000 r  
    W5                                                0.000     0.000 r  clk (IN)
                         net (fo=0)                   0.000     0.000    clk
    W5                   IBUF (Prop_ibuf_I_O)         0.414     0.414 r  clk_IBUF_inst/O
                         net (fo=1, routed)           0.685     1.099    clk_IBUF
    BUFGCTRL_X0Y0        BUFG (Prop_bufg_I_O)         0.029     1.128 r  clk_IBUF_BUFG_inst/O
                         net (fo=380, routed)         0.856     1.983    DB/clk_IBUF_BUFG
    SLICE_X2Y19          FDCE                                         r  DB/rise_reg/C
                         clock pessimism             -0.513     1.470    
    SLICE_X2Y19          FDCE (Hold_fdce_C_D)         0.120     1.590    DB/rise_reg
  -------------------------------------------------------------------
                         required time                         -1.590    
                         arrival time                           1.775    
  -------------------------------------------------------------------
                         slack                                  0.185    

Slack (MET) :             0.191ns  (arrival time - required time)
  Source:                 KP/col_idx_reg[0]/C
                            (rising edge-triggered cell FDCE clocked by sys_clk  {rise@0.000ns fall@5.000ns period=10.000ns})
  Destination:            KP/val_reg_reg[0]/D
                            (rising edge-triggered cell FDCE clocked by sys_clk  {rise@0.000ns fall@5.000ns period=10.000ns})
  Path Group:             sys_clk
  Path Type:              Hold (Min at Fast Process Corner)
  Requirement:            0.000ns  (sys_clk rise@0.000ns - sys_clk rise@0.000ns)
  Data Path Delay:        0.295ns  (logic 0.186ns (63.112%)  route 0.109ns (36.888%))
  Logic Levels:           1  (LUT5=1)
  Clock Path Skew:        0.013ns (DCD - SCD - CPR)
    Destination Clock Delay (DCD):    1.980ns
    Source Clock Delay      (SCD):    1.468ns
    Clock Pessimism Removal (CPR):    0.499ns

    Location             Delay type                Incr(ns)  Path(ns)    Netlist Resource(s)
  -------------------------------------------------------------------    -------------------
                         (clock sys_clk rise edge)    0.000     0.000 r  
    W5                                                0.000     0.000 r  clk (IN)
                         net (fo=0)                   0.000     0.000    clk
    W5                   IBUF (Prop_ibuf_I_O)         0.226     0.226 r  clk_IBUF_inst/O
                         net (fo=1, routed)           0.631     0.858    clk_IBUF
    BUFGCTRL_X0Y0        BUFG (Prop_bufg_I_O)         0.026     0.884 r  clk_IBUF_BUFG_inst/O
                         net (fo=380, routed)         0.585     1.468    KP/clk_IBUF_BUFG
    SLICE_X0Y27          FDCE                                         r  KP/col_idx_reg[0]/C
  -------------------------------------------------------------------    -------------------
    SLICE_X0Y27          FDCE (Prop_fdce_C_Q)         0.141     1.609 r  KP/col_idx_reg[0]/Q
                         net (fo=11, routed)          0.109     1.718    KP/col[0]
    SLICE_X1Y27          LUT5 (Prop_lut5_I1_O)        0.045     1.763 r  KP/val_reg[0]_i_1/O
                         net (fo=1, routed)           0.000     1.763    KP/val_reg[0]_i_1_n_0
    SLICE_X1Y27          FDCE                                         r  KP/val_reg_reg[0]/D
  -------------------------------------------------------------------    -------------------

                         (clock sys_clk rise edge)    0.000     0.000 r  
    W5                                                0.000     0.000 r  clk (IN)
                         net (fo=0)                   0.000     0.000    clk
    W5                   IBUF (Prop_ibuf_I_O)         0.414     0.414 r  clk_IBUF_inst/O
                         net (fo=1, routed)           0.685     1.099    clk_IBUF
    BUFGCTRL_X0Y0        BUFG (Prop_bufg_I_O)         0.029     1.128 r  clk_IBUF_BUFG_inst/O
                         net (fo=380, routed)         0.853     1.980    KP/clk_IBUF_BUFG
    SLICE_X1Y27          FDCE                                         r  KP/val_reg_reg[0]/C
                         clock pessimism             -0.499     1.481    
    SLICE_X1Y27          FDCE (Hold_fdce_C_D)         0.091     1.572    KP/val_reg_reg[0]
  -------------------------------------------------------------------
                         required time                         -1.572    
                         arrival time                           1.763    
  -------------------------------------------------------------------
                         slack                                  0.191    

Slack (MET) :             0.196ns  (arrival time - required time)
  Source:                 IE/tx_data_reg[0]/C
                            (rising edge-triggered cell FDRE clocked by sys_clk  {rise@0.000ns fall@5.000ns period=10.000ns})
  Destination:            IE/U_TX/sh_reg[0]/D
                            (rising edge-triggered cell FDRE clocked by sys_clk  {rise@0.000ns fall@5.000ns period=10.000ns})
  Path Group:             sys_clk
  Path Type:              Hold (Min at Fast Process Corner)
  Requirement:            0.000ns  (sys_clk rise@0.000ns - sys_clk rise@0.000ns)
  Data Path Delay:        0.284ns  (logic 0.141ns (49.699%)  route 0.143ns (50.301%))
  Logic Levels:           0  
  Clock Path Skew:        0.033ns (DCD - SCD - CPR)
    Destination Clock Delay (DCD):    1.947ns
    Source Clock Delay      (SCD):    1.436ns
    Clock Pessimism Removal (CPR):    0.478ns

    Location             Delay type                Incr(ns)  Path(ns)    Netlist Resource(s)
  -------------------------------------------------------------------    -------------------
                         (clock sys_clk rise edge)    0.000     0.000 r  
    W5                                                0.000     0.000 r  clk (IN)
                         net (fo=0)                   0.000     0.000    clk
    W5                   IBUF (Prop_ibuf_I_O)         0.226     0.226 r  clk_IBUF_inst/O
                         net (fo=1, routed)           0.631     0.858    clk_IBUF
    BUFGCTRL_X0Y0        BUFG (Prop_bufg_I_O)         0.026     0.884 r  clk_IBUF_BUFG_inst/O
                         net (fo=380, routed)         0.553     1.436    IE/clk_IBUF_BUFG
    SLICE_X11Y24         FDRE                                         r  IE/tx_data_reg[0]/C
  -------------------------------------------------------------------    -------------------
    SLICE_X11Y24         FDRE (Prop_fdre_C_Q)         0.141     1.577 r  IE/tx_data_reg[0]/Q
                         net (fo=1, routed)           0.143     1.720    IE/U_TX/Q[0]
    SLICE_X9Y24          FDRE                                         r  IE/U_TX/sh_reg[0]/D
  -------------------------------------------------------------------    -------------------

                         (clock sys_clk rise edge)    0.000     0.000 r  
    W5                                                0.000     0.000 r  clk (IN)
                         net (fo=0)                   0.000     0.000    clk
    W5                   IBUF (Prop_ibuf_I_O)         0.414     0.414 r  clk_IBUF_inst/O
                         net (fo=1, routed)           0.685     1.099    clk_IBUF
    BUFGCTRL_X0Y0        BUFG (Prop_bufg_I_O)         0.029     1.128 r  clk_IBUF_BUFG_inst/O
                         net (fo=380, routed)         0.820     1.947    IE/U_TX/clk_IBUF_BUFG
    SLICE_X9Y24          FDRE                                         r  IE/U_TX/sh_reg[0]/C
                         clock pessimism             -0.478     1.469    
    SLICE_X9Y24          FDRE (Hold_fdre_C_D)         0.055     1.524    IE/U_TX/sh_reg[0]
  -------------------------------------------------------------------
                         required time                         -1.524    
                         arrival time                           1.720    
  -------------------------------------------------------------------
                         slack                                  0.196    

Slack (MET) :             0.198ns  (arrival time - required time)
  Source:                 KP/key_down_d_reg/C
                            (rising edge-triggered cell FDCE clocked by sys_clk  {rise@0.000ns fall@5.000ns period=10.000ns})
  Destination:            KP/key_valid_reg/D
                            (rising edge-triggered cell FDCE clocked by sys_clk  {rise@0.000ns fall@5.000ns period=10.000ns})
  Path Group:             sys_clk
  Path Type:              Hold (Min at Fast Process Corner)
  Requirement:            0.000ns  (sys_clk rise@0.000ns - sys_clk rise@0.000ns)
  Data Path Delay:        0.289ns  (logic 0.227ns (78.604%)  route 0.062ns (21.396%))
  Logic Levels:           1  (LUT2=1)
  Clock Path Skew:        0.000ns (DCD - SCD - CPR)
    Destination Clock Delay (DCD):    1.981ns
    Source Clock Delay      (SCD):    1.468ns
    Clock Pessimism Removal (CPR):    0.513ns

    Location             Delay type                Incr(ns)  Path(ns)    Netlist Resource(s)
  -------------------------------------------------------------------    -------------------
                         (clock sys_clk rise edge)    0.000     0.000 r  
    W5                                                0.000     0.000 r  clk (IN)
                         net (fo=0)                   0.000     0.000    clk
    W5                   IBUF (Prop_ibuf_I_O)         0.226     0.226 r  clk_IBUF_inst/O
                         net (fo=1, routed)           0.631     0.858    clk_IBUF
    BUFGCTRL_X0Y0        BUFG (Prop_bufg_I_O)         0.026     0.884 r  clk_IBUF_BUFG_inst/O
                         net (fo=380, routed)         0.585     1.468    KP/clk_IBUF_BUFG
    SLICE_X0Y28          FDCE                                         r  KP/key_down_d_reg/C
  -------------------------------------------------------------------    -------------------
    SLICE_X0Y28          FDCE (Prop_fdce_C_Q)         0.128     1.596 f  KP/key_down_d_reg/Q
                         net (fo=1, routed)           0.062     1.658    KP/key_down_d
    SLICE_X0Y28          LUT2 (Prop_lut2_I1_O)        0.099     1.757 r  KP/key_valid_i_1/O
                         net (fo=1, routed)           0.000     1.757    KP/key_valid0
    SLICE_X0Y28          FDCE                                         r  KP/key_valid_reg/D
  -------------------------------------------------------------------    -------------------

                         (clock sys_clk rise edge)    0.000     0.000 r  
    W5                                                0.000     0.000 r  clk (IN)
                         net (fo=0)                   0.000     0.000    clk
    W5                   IBUF (Prop_ibuf_I_O)         0.414     0.414 r  clk_IBUF_inst/O
                         net (fo=1, routed)           0.685     1.099    clk_IBUF
    BUFGCTRL_X0Y0        BUFG (Prop_bufg_I_O)         0.029     1.128 r  clk_IBUF_BUFG_inst/O
                         net (fo=380, routed)         0.854     1.981    KP/clk_IBUF_BUFG
    SLICE_X0Y28          FDCE                                         r  KP/key_valid_reg/C
                         clock pessimism             -0.513     1.468    
    SLICE_X0Y28          FDCE (Hold_fdce_C_D)         0.091     1.559    KP/key_valid_reg
  -------------------------------------------------------------------
                         required time                         -1.559    
                         arrival time                           1.757    
  -------------------------------------------------------------------
                         slack                                  0.198    

Slack (MET) :             0.198ns  (arrival time - required time)
  Source:                 HC5/cont_trig_reg[4]/C
                            (rising edge-triggered cell FDCE clocked by sys_clk  {rise@0.000ns fall@5.000ns period=10.000ns})
  Destination:            HC5/cont_trig_reg[6]/D
                            (rising edge-triggered cell FDCE clocked by sys_clk  {rise@0.000ns fall@5.000ns period=10.000ns})
  Path Group:             sys_clk
  Path Type:              Hold (Min at Fast Process Corner)
  Requirement:            0.000ns  (sys_clk rise@0.000ns - sys_clk rise@0.000ns)
  Data Path Delay:        0.319ns  (logic 0.246ns (77.156%)  route 0.073ns (22.844%))
  Logic Levels:           1  (LUT6=1)
  Clock Path Skew:        0.000ns (DCD - SCD - CPR)
    Destination Clock Delay (DCD):    1.948ns
    Source Clock Delay      (SCD):    1.437ns
    Clock Pessimism Removal (CPR):    0.511ns

    Location             Delay type                Incr(ns)  Path(ns)    Netlist Resource(s)
  -------------------------------------------------------------------    -------------------
                         (clock sys_clk rise edge)    0.000     0.000 r  
    W5                                                0.000     0.000 r  clk (IN)
                         net (fo=0)                   0.000     0.000    clk
    W5                   IBUF (Prop_ibuf_I_O)         0.226     0.226 r  clk_IBUF_inst/O
                         net (fo=1, routed)           0.631     0.858    clk_IBUF
    BUFGCTRL_X0Y0        BUFG (Prop_bufg_I_O)         0.026     0.884 r  clk_IBUF_BUFG_inst/O
                         net (fo=380, routed)         0.554     1.437    HC5/clk_IBUF_BUFG
    SLICE_X12Y23         FDCE                                         r  HC5/cont_trig_reg[4]/C
  -------------------------------------------------------------------    -------------------
    SLICE_X12Y23         FDCE (Prop_fdce_C_Q)         0.148     1.585 r  HC5/cont_trig_reg[4]/Q
                         net (fo=9, routed)           0.073     1.658    HC5/cont_trig[4]
    SLICE_X12Y23         LUT6 (Prop_lut6_I1_O)        0.098     1.756 r  HC5/cont_trig[6]_i_1/O
                         net (fo=1, routed)           0.000     1.756    HC5/cont_trig_1[6]
    SLICE_X12Y23         FDCE                                         r  HC5/cont_trig_reg[6]/D
  -------------------------------------------------------------------    -------------------

                         (clock sys_clk rise edge)    0.000     0.000 r  
    W5                                                0.000     0.000 r  clk (IN)
                         net (fo=0)                   0.000     0.000    clk
    W5                   IBUF (Prop_ibuf_I_O)         0.414     0.414 r  clk_IBUF_inst/O
                         net (fo=1, routed)           0.685     1.099    clk_IBUF
    BUFGCTRL_X0Y0        BUFG (Prop_bufg_I_O)         0.029     1.128 r  clk_IBUF_BUFG_inst/O
                         net (fo=380, routed)         0.821     1.948    HC5/clk_IBUF_BUFG
    SLICE_X12Y23         FDCE                                         r  HC5/cont_trig_reg[6]/C
                         clock pessimism             -0.511     1.437    
    SLICE_X12Y23         FDCE (Hold_fdce_C_D)         0.121     1.558    HC5/cont_trig_reg[6]
  -------------------------------------------------------------------
                         required time                         -1.558    
                         arrival time                           1.756    
  -------------------------------------------------------------------
                         slack                                  0.198    





Pulse Width Checks
--------------------------------------------------------------------------------------
Clock Name:         sys_clk
Waveform(ns):       { 0.000 5.000 }
Period(ns):         10.000
Sources:            { clk }

Check Type        Corner  Lib Pin  Reference Pin  Required(ns)  Actual(ns)  Slack(ns)  Location       Pin
Min Period        n/a     BUFG/I   n/a            2.155         10.000      7.845      BUFGCTRL_X0Y0  clk_IBUF_BUFG_inst/I
Min Period        n/a     FDCE/C   n/a            1.000         10.000      9.000      SLICE_X3Y27    CA/armado_d_reg/C
Min Period        n/a     FDCE/C   n/a            1.000         10.000      9.000      SLICE_X0Y29    CA/buf_reg[0][0]/C
Min Period        n/a     FDCE/C   n/a            1.000         10.000      9.000      SLICE_X0Y30    CA/buf_reg[0][1]/C
Min Period        n/a     FDCE/C   n/a            1.000         10.000      9.000      SLICE_X1Y28    CA/buf_reg[0][2]/C
Min Period        n/a     FDCE/C   n/a            1.000         10.000      9.000      SLICE_X1Y30    CA/buf_reg[0][3]/C
Min Period        n/a     FDCE/C   n/a            1.000         10.000      9.000      SLICE_X0Y29    CA/buf_reg[1][0]/C
Min Period        n/a     FDCE/C   n/a            1.000         10.000      9.000      SLICE_X0Y30    CA/buf_reg[1][1]/C
Min Period        n/a     FDCE/C   n/a            1.000         10.000      9.000      SLICE_X1Y30    CA/buf_reg[1][2]/C
Min Period        n/a     FDCE/C   n/a            1.000         10.000      9.000      SLICE_X1Y29    CA/buf_reg[1][3]/C
Low Pulse Width   Fast    FDCE/C   n/a            0.500         5.000       4.500      SLICE_X3Y27    CA/armado_d_reg/C
Low Pulse Width   Slow    FDCE/C   n/a            0.500         5.000       4.500      SLICE_X0Y29    CA/buf_reg[0][0]/C
Low Pulse Width   Slow    FDCE/C   n/a            0.500         5.000       4.500      SLICE_X0Y30    CA/buf_reg[0][1]/C
Low Pulse Width   Slow    FDCE/C   n/a            0.500         5.000       4.500      SLICE_X1Y28    CA/buf_reg[0][2]/C
Low Pulse Width   Fast    FDCE/C   n/a            0.500         5.000       4.500      SLICE_X1Y28    CA/buf_reg[0][2]/C
Low Pulse Width   Slow    FDCE/C   n/a            0.500         5.000       4.500      SLICE_X1Y30    CA/buf_reg[0][3]/C
Low Pulse Width   Slow    FDCE/C   n/a            0.500         5.000       4.500      SLICE_X0Y29    CA/buf_reg[1][0]/C
Low Pulse Width   Slow    FDCE/C   n/a            0.500         5.000       4.500      SLICE_X0Y30    CA/buf_reg[1][1]/C
Low Pulse Width   Slow    FDCE/C   n/a            0.500         5.000       4.500      SLICE_X1Y30    CA/buf_reg[1][2]/C
Low Pulse Width   Slow    FDCE/C   n/a            0.500         5.000       4.500      SLICE_X1Y29    CA/buf_reg[1][3]/C
High Pulse Width  Slow    FDCE/C   n/a            0.500         5.000       4.500      SLICE_X3Y27    CA/armado_d_reg/C
High Pulse Width  Slow    FDCE/C   n/a            0.500         5.000       4.500      SLICE_X3Y17    D1/tick_reg/C
High Pulse Width  Slow    FDCE/C   n/a            0.500         5.000       4.500      SLICE_X0Y15    D2/cont_reg[21]/C
High Pulse Width  Slow    FDCE/C   n/a            0.500         5.000       4.500      SLICE_X0Y15    D2/cont_reg[22]/C
High Pulse Width  Slow    FDCE/C   n/a            0.500         5.000       4.500      SLICE_X2Y15    D2/cont_reg[23]/C
High Pulse Width  Slow    FDCE/C   n/a            0.500         5.000       4.500      SLICE_X0Y15    D2/cont_reg[24]/C
High Pulse Width  Slow    FDCE/C   n/a            0.500         5.000       4.500      SLICE_X0Y16    D2/tick_reg/C
High Pulse Width  Fast    FDCE/C   n/a            0.500         5.000       4.500      SLICE_X0Y16    D2/tick_reg/C
High Pulse Width  Fast    FDCE/C   n/a            0.500         5.000       4.500      SLICE_X7Y15    D3/cont_reg[21]/C
High Pulse Width  Fast    FDCE/C   n/a            0.500         5.000       4.500      SLICE_X7Y15    D3/cont_reg[22]/C



